
--- Probatio Literalia ---
...............
--- Probatio Arithmetica ---
.....................
--- Probatio Comparatio ---
..................
--- Probatio Logici ---
................
--- Probatio Ternaria ---
......
--- Probatio Variabiles ---
...........
--- Probatio Control Flow ---
..........
--- Probatio Frange/Perge ---
..........
--- Probatio Incrementum/Decrementum ---
...........
--- Probatio Assignatio Complexa ---
..................
--- Probatio Functiones ---
..........
--- Probatio Arrays ---
........
--- Probatio Objecta ---
...........
--- Probatio Built-ins ---
.................
--- Probatio Pecunia ---
....................................................
--- Probatio Errores ---
.....
--- Probatio Complex ---
......
--- Probatio Functiones Sagittae ---
............
--- Probatio Methodi Xar ---
.....................................
--- Probatio Methodi Callback ---
......................
--- Probatio Methodi Chorda ---
.............................
--- Probatio Template Strings ---
................................................
--- Probatio Effugia ---
..........................
--- Probatio Entitates ---
................................

=== CREDO COMPENDIUM ===
Totalis:    451
Praeteriti: 451
Fracti:     0

Conditio: OMNIA PRAETERIERUNT
=========================

