
--- Probans characteres literales ---
.......
--- Probans punctum (.) ---
.......
--- Probans asteriscum (*) ---
..........
--- Probans plus (+) ---
.....
--- Probans quaestionis (?) ---
....
--- Probans classes characterum ---
................
--- Probans classem negatam ---
....
--- Probans ancoras ---
............
--- Probans effugium ---
.......
--- Probans exemplaria complexa ---
................
--- Probans invenire omnes ---
........
--- Probans errores compilationis ---
........
--- Probans functionem commodam ---
..
--- Probans status descriptio ---
...
=== CREDO COMPENDIUM ===
Totalis:    109
Praeteriti: 109
Fracti:     0

Conditio: OMNIA PRAETERIERUNT
=========================

