
--- Probatio Coloratio ---
  coloratio_creare...
.......  coloratio_creare_ex_tabula...
...  coloratio_creare limites...
...  coloratio regulae...
......  $command simplex...
...........  $command multiplex...
......  $command sine regula...
..  $ solum (no word)...
.  $command ad finem lineae...
..  status lineae normalis...
..  status lineae sputnik block...
......  status lineae sputnik inline...
.  coloratio_vacare...
...  coloratio_obtinere limites...
.....  $command cum registro...
............  $command sine registro (all highlighted)...
...  tag simplex <div>...
.....  tag closing </div>...
....  tag self-closing <br/>...
.....  tag cum attributo...
..............  tag boolean attribute...
......  tag bare value...
.........  tag cum $command...
.......

=== CREDO COMPENDIUM ===
Totalis:    123
Praeteriti: 123
Fracti:     0

Conditio: OMNIA PRAETERIERUNT
=========================

