
--- Probans I: Folium IDENTIFICATOR ---
....
--- Probans II: Folium INTEGER ---
..
--- Probans III: Folium FLOAT ---
..
--- Probans IV: Folium CHAR ---
..
--- Probans V: Folium STRING ---
..
--- Probans VI: Binarium 2+3 ---
.....
--- Probans VII: Praecedentia 2+3*4 ---
........
--- Probans VIII: Assoc. sinistra 1-2-3 ---
......
--- Probans IX: Assoc. dextra a=b=c ---
......
--- Probans X: Unarium -x ---
....
--- Probans XI: Unaria varia ---
...............
--- Probans XII: Postfixum x++, p-- ---
.......
--- Probans XIII: Membrum s.x et p->y ---
.......
--- Probans XIV: Subscriptio a[i] ---
....
--- Probans XV: Vocatio f() et f(a,b) ---
.......
--- Probans XVI: Parenthesized (a+b)*c ---
......
--- Probans XVII: Ternarius a?b:c ---
.....
--- Probans XVIII: Comma a,b,c ---
....
--- Probans XIX: Cast (int)x ---
.....
--- Probans XX: Cast (char*)p ---
...
--- Probans XXI: Sizeof x ---
....
--- Probans XXII: Sizeof(int) ---
....
--- Probans XXIII: Catena a->b.c[i]() ---
..
--- Probans XXIV: Omnes praecedentiae ---
...
--- Probans XXV: *p++ + sizeof(int*) ---
...

=== CREDO COMPENDIUM ===
Totalis:    120
Praeteriti: 120
Fracti:     0

Conditio: OMNIA PRAETERIERUNT
=========================

