
--- Probans varint encoding/decoding ---
.........................
--- Probans signed varint (zigzag) ---
........................
--- Probans zigzag encode/decode ---
..........
--- Probans fixed 32-bit ---
.............
--- Probans fixed 64-bit ---
..........
--- Probans f32 ---
............
--- Probans f64 ---
.........
--- Probans chorda ---
............
--- Probans bytes ---
.......
--- Probans nuntium compositum ---
............
--- Probans saltare field ignotum ---
...........
--- Probans nuntium nidum ---
......................
--- Probans scriptor purgare ---
........
--- Probans varint mensura ---
.....
--- Probans error handling ---
...
--- Probans NIHIL handling ---
......

=== CREDO COMPENDIUM ===
Totalis:    189
Praeteriti: 189
Fracti:     0

Conditio: OMNIA PRAETERIERUNT
=========================

