
--- Probans registrum_tractatoris_creare ---
........
--- Probans registrum_tractatoris_registrare ---
...........
--- Probans registrum_tractatoris_habet ---
......
--- Probans registrum_tractatoris_invenire_literis ---
.......
--- Probans registrum_tractatoris_invenire ---
.....
--- Probans fallback tractator ---
......
--- Probans multos tractatores ---
......................................................................................................
--- Probans overwrite tractator ---
.....

=== CREDO COMPENDIUM ===
Totalis:    150
Praeteriti: 150
Fracti:     0

Conditio: OMNIA PRAETERIERUNT
=========================

