
========================================
PROBATIONES URI
========================================

--- Probans parse simplex ---
..........
--- Probans parse cum portus ---
......
--- Probans parse cum userinfo ---
.......
--- Probans parse cum quaestio et fragmentum ---
.........
--- Probans parse completa ---
.........
--- Probans parse via relativum ---
..........
--- Probans uri_creare ---
.....
--- Probans uri_construere ---
......
--- Probans uri_resolvere ---
........
--- Probans uri_portus_default ---
.....
--- Probans nullum argumenta ---
.......
--- Probans IPv6 ---
.........

=== CREDO COMPENDIUM ===
Totalis:    91
Praeteriti: 91
Fracti:     0

Conditio: OMNIA PRAETERIERUNT
=========================

========================================

