
--- Probans I: int f(void) { return 0; } ---
.....
--- Probans II: int add(int a, int b) { return a + b; } ---
....
--- Probans III: void noop(void) { } ---
..
--- Probans IV: int *get_ptr(void) { return 0; } ---
..
--- Probans V: functi cum corpore complexo ---
....
--- Probans VI: int x; int y; ---
....
--- Probans VII: int f(void) { return 0; } int main(void) { return f(); } ---
.......
--- Probans VIII: int a; int b; int c; ---
...
--- Probans IX: int x; void f(void) { } ---
......
--- Probans X: typedef int my_int; my_int x; ---
.....
--- Probans XI: typedef unsigned long size_t; size_t n; ---
...
--- Probans XII: typedef struct Foo { int x; } Foo_t; Foo_t f; ---
...
--- Probans XIII: typedef int i32; i32 add(i32 a, i32 b) { return a + b; } ---
.....
--- Probans XIV: programma completum ---
...
--- Probans XV: typedef chaining ---
...
--- Probans XVI: static int helper(void) { return 0; } ---
..
--- Probans XVII: void setup(void) { int x; x = 0; } ---
....
--- Probans XVIII: singula declaratio per translationem ---
..
--- Probans XIX: externa typedef nomina ---
....
--- Probans XX: unsigned long f(void) { return 0; } ---
..
Conditio: OMNIA PRAETERIERUNT
