
--- Probans color_ex_rgb ---
..........
--- Probans color_ex_rgba ---
....
--- Probans color_ex_palette ---
.......
--- Probans color_ad_pixelum / color_ex_pixelum ---
......
--- Probans color_interpolate ---
.........
--- Probans color_ad_cinereum ---
.....
--- Probans color_aequalis ---
...
--- Probans colores praedefinitos ---
...............
--- Probans accessor functions ---
....

=== CREDO COMPENDIUM ===
Totalis:    63
Praeteriti: 63
Fracti:     0

Conditio: OMNIA PRAETERIERUNT
=========================

