
--- Probans registrum_servitii_creare ---
.........
--- Probans servitium_registrare ---
..........
--- Probans servitium_registrare_entitatem ---
.......
--- Probans servitium_habet ---
........
--- Probans servitium_obtinere ---
........
--- Probans servitium_obtinere_id ---
......
--- Probans servitium_deregistrare ---
...........
--- Probans multa servitia ---
..........................................
--- Probans nota servitii ---
....
--- Probans servitium_discoperire ---
..........
--- Probans discoperire sine duplicatis ---
......

=== CREDO COMPENDIUM ===
Totalis:    121
Praeteriti: 121
Fracti:     0

Conditio: OMNIA PRAETERIERUNT
=========================

