
--- Probans I: x = 5; ---
....
--- Probans II: ; ---
..
--- Probans III: { } ---
...
--- Probans IV: { x = 1; } ---
......
--- Probans V: { x = 1; y = 2; z = 3; } ---
....
--- Probans VI: { int x; x = 1; } ---
......
--- Probans VII: break; ---
....
--- Probans VIII: continue; ---
....
--- Probans IX: goto end; ---
.....
--- Probans X: return; ---
....
--- Probans XI: return x + 1; ---
....
--- Probans XII: if (x) y = 1; ---
......
--- Probans XIII: if (x) y = 1; else y = 2; ---
......
--- Probans XIV: Dangling-else ---
......
--- Probans XV: while (x) x = x - 1; ---
......
--- Probans XVI: do-while ---
.......
--- Probans XVII: for (init;cond;incr) ---
.......
--- Probans XVIII: for (;;) ---
......
--- Probans XIX: for (init;;) ---
.....
--- Probans XX: for (;cond;) ---
.....
--- Probans XXI: switch/case/default ---
.....
--- Probans XXII: label: x = 1; ---
.....
--- Probans XXIII: Imbricata complexa ---
......
--- Probans XXIV: for cum corpore ---
......
--- Probans XXV: Declarationes et sententiae ---
......
--- Probans XXVI: Expressio regressio 2 + 3; ---
....
--- Probans XXVII: for (;;incr) ---
.....
--- Probans XXVIII: do-while cum corpore ---
...
--- Probans XXIX: while (1) { break; } ---
...
--- Probans XXX: if-else cum corporibus ---
.....

=== CREDO COMPENDIUM ===
Totalis:    148
Praeteriti: 148
Fracti:     0

Conditio: OMNIA PRAETERIERUNT
=========================

