
========================================
PROBATIONES SENTENTIAE FISSIO
========================================

--- 1. Rev. Mr. pattern ---
..
--- 2. Multiplices abbreviationes ---
..
--- 3. Abbreviationes maiusculae ---
...
--- 4. No. sequutum per numerum ---
..
--- 5. Sententiae quotatae ---
....
--- 6. Numeri decimales ---
...
--- 7. Abbreviationes viarum ---
...
--- 8. Abbreviationes temporis ---
...
--- 9. Rev. Dr. pattern ---
..
--- 10. U.S. et U.K. ---
..
--- 11. etc. ad finem ---
...
--- 12. e.g. in parentheses ---
...
--- 13. Ellipsis ---
...
--- 14. Interrogationes et exclamationes ---
....
--- 15. Fr. et Sr. ---
...
--- 16. Gradus militares ---
...
--- 17. Tituli consecutivi ---
..
--- 18. Prof. Dr. pattern ---
..
--- 19. Jr. et Sr. suffixes ---
...
--- 20. Nomina Romana ---
..
--- 21. Litterae singulae ---
..
--- 22. a.u.c. et p.u.c. ---
..
--- 23. Smart quotes (double) ---
...
--- 24. Smart quotes 'orthodox' ---
...
--- 25. Straight double quotes ---
...
--- 26. Findere ante 'Peculiar' ---
...
--- 27. Satan's (smart apostrophe) ---
...
--- 28. Smart single quotes ---
...
--- 29. George II. (Roman numeral) ---
..
--- 30. Dialogus cum attributione ---
..
--- 31. Maiuscula post quote ---
...
--- 32. 'I murmured' attributio ---
..
--- 33. 'Hello!' I said ---
..
--- 34. 'I' cum multis verbis ---
...
--- 35. sententia_numerare ---
.
--- 36. Iterator ---
...........
========================================

=== CREDO COMPENDIUM ===
Totalis:    102
Praeteriti: 102
Fracti:     0

Conditio: OMNIA PRAETERIERUNT
=========================

========================================

