
--- Probans via_iungere (simplex) ---
.
--- Probans via_iungere (multiplex) ---
.
--- Probans via_iungere (separator terminalis) ---
.
--- Probans via_iungere (separator initialis) ---
.
--- Probans via_iungere (pars vacua) ---
.
--- Probans via_iungere (absoluta) ---
.
--- Probans via_normalizare (punctum) ---
.
--- Probans via_normalizare (puncta duplicia) ---
.
--- Probans via_normalizare (separatores duplicati) ---
.
--- Probans via_normalizare (absoluta cum ..) ---
.
--- Probans via_normalizare (.. supra radicem) ---
.
--- Probans via_normalizare (relativa cum ..) ---
.
--- Probans via_normalizare (radix) ---
.
--- Probans via_normalizare (vacuum) ---
.
--- Probans via_directorium (normalis) ---
.
--- Probans via_directorium (radix) ---
.
--- Probans via_directorium (nullus) ---
.
--- Probans via_directorium (relativa) ---
.
--- Probans via_nomen (absoluta) ---
.
--- Probans via_nomen (sine directorium) ---
.
--- Probans via_nomen (separator terminalis) ---
.
--- Probans via_nomen_radix (cum extensione) ---
.
--- Probans via_nomen_radix (sine extensione) ---
.
--- Probans via_nomen_radix (extensio composita) ---
.
--- Probans via_nomen_radix (dotfile) ---
.
--- Probans via_nomen_radix (cum via) ---
.
--- Probans via_extensio (singularis) ---
.
--- Probans via_extensio (composita) ---
.
--- Probans via_extensio (dotfile) ---
.
--- Probans via_extensio (sine) ---
.
--- Probans via_extensio (cum via) ---
.
--- Probans via_est_absoluta ---
..
--- Probans via_est_relativa ---
..
--- Probans via_directorium_currens ---
...
--- Probans via_absoluta (relativa) ---
...
--- Probans via_absoluta (iam absoluta) ---
.
--- Probans via_absoluta (cum ..) ---
...

=== CREDO COMPENDIUM ===
Totalis:    45
Praeteriti: 45
Fracti:     0

Conditio: OMNIA PRAETERIERUNT
=========================

