.
=== Backend: Memoria ===
  entitas_creare...
....  entitas_scaffoldare...
.....  proprietas_ponere...
.......  proprietas_delere...
...  relatio_addere...
.....  relatio_delere...
....  nota_addere...
.....  nota_delere...
...  capere_radices...
...  genus_hierarchia...
....  entitas_delere...
....  quaerere_textum...
....  quaerere_cum_praefixo_notae...
.....  capere_relatio...
.......  capere_relationes_ad...
..  scaffoldare_uuidv5...
...  genus_contains_relationes...
..........
=== Backend: Nuntium ===
  entitas_creare...
....  entitas_scaffoldare...
.....  proprietas_ponere...
.......  proprietas_delere...
...  relatio_addere...
.....  relatio_delere...
....  nota_addere...
.....  nota_delere...
...  capere_radices...
...  genus_hierarchia...
....  entitas_delere...
....  quaerere_textum...
....  quaerere_cum_praefixo_notae...
.....  capere_relatio...
.......  capere_relationes_ad...
..  scaffoldare_uuidv5...
...  genus_contains_relationes...
.........
=== Probare Replay (Nuntium) ===
  Phase 1: Creare datum...
..  Phase 2: Aperire et verificare...
..........  Replay verificatum!

=== Probare Continuare Post Replay ===
  Phase 1: Creare initiale...
..  Phase 2: Aperire et addere...
.....  Phase 3: Verificare omnia...
.......  Continuare verificatum!

=== Probare Lectio Eventorum ===
....  numerus_eventorum...
.  legere_omnes_eventus...
....  legere_eventus_entitatis...
....  legere_eventus_post_indicem...
....  legere_eventus_recentes...
....  legere_eventus_generis_entitatis...
......  legere_eventus_typi...
........  Lectio eventorum verificata!

=== Probare Validation ===
..  creare TypusSemanticus...
.  creare ProprietasDefinitio...
.  invenire ProprietasDefinitio...
..  validare proprietas valida...
..........  validare proprietas invalida...
..  validare sine schema...
.  validare omnes proprietates...
..  Validation verificata!

=== Probare Genus Automaticum ===
..  entitas_creare creat Genus...
....  entitas_scaffoldare creat Genus...
....  Genus::Genus existit...
...  Genus automaticum verificatum!


=== CREDO COMPENDIUM ===
Totalis:    251
Praeteriti: 251
Fracti:     0

Conditio: OMNIA PRAETERIERUNT
=========================

