=== Probationes Sputnik Lexema ===

--- Probatio Punctuatio ---
..........  Punctuatio: VERUM

--- Probatio Operatores ---
...................  Operatores: VERUM

--- Probatio Numeri ---
.........  Numeri: VERUM

--- Probatio Chordae ---
..........  Chordae: VERUM

--- Probatio Identificatores ---
............  Identificatores: VERUM

--- Probatio Verba Clausa ---
..............  Verba Clausa: VERUM

--- Probatio Signa ---
.....  Signa: VERUM

--- Probatio Commenta ---
....  Commenta: VERUM

--- Probatio Positiones ---
.......  Positiones: VERUM

--- Probatio Expressiones ---
..................  Expressiones: VERUM

--- Probatio Errores ---
...  Errores: VERUM


=== CREDO COMPENDIUM ===
Totalis:    111
Praeteriti: 111
Fracti:     0

Conditio: OMNIA PRAETERIERUNT
=========================

