
========================================
PROBATIO TABELLARIUS
========================================

--- Probans epistulam scribere ---
...--- Probans epistulam legere ---
.......--- Probans tolerantiam capitum ---
...--- Probans epistulas pravas ---
.......--- Probans framing lineis ---
....................................................--- Probans petitionem ---
........--- Probans nuntiationem ---
...--- Probans id chordam ---
....--- Probans nuntios pravos ---
......--- Probans fabros ---
....--- Probans circulum plenum ---
........
=== CREDO COMPENDIUM ===
Totalis:    105
Praeteriti: 105
Fracti:     0

Conditio: OMNIA PRAETERIERUNT
=========================

========================================

