
--- Probans cursus_creare ---
............
--- Probans cursus_mittere ---
...........
--- Probans cursus_processare ---
............
--- Probans limite processandi ---
....................
--- Probans multas entitates ---
...............
--- Probans cursus_processare_entitatem ---
...............
--- Probans cursus_vacare ---
......
--- Probans cursus_ponere_datum ---
..

=== CREDO COMPENDIUM ===
Totalis:    93
Praeteriti: 93
Fracti:     0

Conditio: OMNIA PRAETERIERUNT
=========================

