
--- Probans Anchorae 2024 ---
.........
--- Probans Anchorae 2025 ---
.........
--- Probans Tempus Adventus ---
..
--- Probans Tempus Nativitatis ---
..
--- Probans Tempus Quadragesimae ---
....
--- Probans Triduum Sacrum ---
....
--- Probans Tempus Paschale ---
.....
--- Probans Tempus per Annum ---
..
--- Probans Colores ---
......
--- Probans Cyclus ---
.....
--- Probans Octavae ---
......
--- Probans Formatatio ---
....
--- Probans InformatioDiei ---
........
--- Probans Sanctorale ---
..........................
--- Probans Praecedentiam ---
................................

=== CREDO COMPENDIUM ===
Totalis:    124
Praeteriti: 124
Fracti:     0

Conditio: OMNIA PRAETERIERUNT
=========================

