
--- Probans chorda_ex_literis ---
...
--- Probans chorda_aequalis ---
..
--- Probans chorda_transcribere ---
..
--- Probans chorda_continet ---
..
--- Probans chorda_incipit ---
..
--- Probans chorda_terminatur ---
..
--- Probans chorda_sectio ---
..
--- Probans chorda_ex_buffer ---
..
--- Probans chorda_aequalis_case_insensitivus ---
....
--- Probans chorda_comparare ---
....
--- Probans chorda_numerare_occurrentia ---
....
--- Probans chorda_minuscula ---
..
--- Probans chorda_maiuscula ---
..
--- Probans chorda_ut_cstr ---
..
--- Probans chorda_ut_s32 ---
...
--- Probans chorda_ut_i32 ---
...
--- Probans chorda_concatenare ---
..
--- Probans chorda_praecidi_laterale ---
..
--- Probans chorda_fissio ---
......
--- Probans chorda_fissio cum multa elementa ---
.............................................
--- Probans chorda_friare ---
...
--- Probans chorda_ut_s32_numeri_negativi ---
....
--- Probans chorda_sectio_limites ---
...
--- Probans chorda_concatenare_vacuus ---
.....
--- Probans chorda_invenire ---
....
--- Probans chorda_praecidere ---
...
--- Probans chorda_invenire_index ---
....
--- Probans chorda_invenire_ultimum ---
.....
--- Probans chorda_invenire_ultimum_index ---
...
--- Probans chorda_praecidere_sinistram ---
...
--- Probans chorda_praecidere_dextram ---
...
--- Probans chorda_substituere ---
.....
--- Probans chorda_invertere ---
....
--- Probans chorda_duplicare ---
....
--- Probans chorda_pascalis ---
...........
--- Probans chorda_camelus ---
.....
--- Probans chorda_serpens ---
......
--- Probans chorda_kebab ---
....
--- Probans chorda_pascalis_serpens ---
....
--- Probans conversiones_casus_limites ---
.......
--- Probans chorda_ut_f64 ---
.........
--- Probans chorda_ex_s32 ---
...
--- Probans chorda_ex_f64 ---
...
--- Probans chorda_character_ad ---
....
--- Probans chorda_vacua ---
...
--- Probans chorda_fissio_chorda ---
...........
--- Probans chorda_iungere ---
.....

=== CREDO COMPENDIUM ===
Totalis:    224
Praeteriti: 224
Fracti:     0

Conditio: OMNIA PRAETERIERUNT
=========================

