
--- Probans tabula_dispersa_creare ---
...
--- Probans tabula_dispersa_inserere et invenire ---
........
--- Probans tabula_dispersa_continet ---
..
--- Probans tabula_dispersa_inserere (update) ---
......
--- Probans tabula_dispersa_delere ---
.......
--- Probans tabula_dispersa_vacare ---
....
--- Probans tabula_dispersa_crescere ---
..............................
--- Probans tabula_dispersa_iterator ---
.
--- Probans tabula_dispersa_factor_oneris ---
..
--- Probans tabula_dispersa_numerus ---
...
--- Probans collisiones tracking ---
..
--- Probans NIHIL key handling ---
..
--- Probans functiones friationis multiplices ---
..............................................................
--- Probans factor_deletorum et crescentia ---
.....
--- Probans iterator cum tabula vacua ---
.
--- Probans iterator cum outputis NIHIL ---
.
--- Probans deletio post crescentiam ---
.....
--- Probans distantia_maxima tracking ---
.
--- Probans capacitas minima ---
..........
--- Probans tabula_dispersa_invenire_literis ---
.......
--- Probans tabula_dispersa_continet_literis ---
...
--- Probans NIHIL piscina ---
...

=== CREDO COMPENDIUM ===
Totalis:    168
Praeteriti: 168
Fracti:     0

Conditio: OMNIA PRAETERIERUNT
=========================

