
--- Probans chorda_aedificator_creare ---
...
--- Probans chorda_aedificator_appendere_character ---
....
--- Probans chorda_aedificator_appendere_literis ---
....
--- Probans chorda_aedificator_appendere_chorda ---
...
--- Probans chorda_aedificator_appendere_s32 ---
...
--- Probans chorda_aedificator_appendere_i32 ---
...
--- Probans chorda_aedificator_appendere_f64 ---
...
--- Probans chorda_aedificator_appendere_lineam_novam ---
....
--- Probans chorda_aedificator_appendere_indentation ---
......
--- Probans chorda_aedificator_push/pop_indentation ---
.....
--- Probans chorda_aedificator_spectare ---
....
--- Probans chorda_aedificator_reset ---
......
--- Probans chorda_aedificator_appendere_evasus_json ---
....
--- Probans chorda_aedificator_appendere_literis_evasus_json ---
....
--- Probans capacity_crescentia ---
.....................
--- Probans combined_operations (JSON pattern) ---
.................
--- Probans tutelae initus NIHIL ---
.
--- Probans large_strings ---
.................................................................................................................................................................................................................................................................
--- Probans lineam_novam_contentum ---
....
--- Probans numeri_negativi_et_zephyrum ---
......
--- Probans omnes_evasus_json ---
....
--- Probans reset_verum ---
.....
--- Probans spectare_multiplex ---
.....
--- Probans indentatio_cum_verificatione ---
.....
--- Probans f64_decimales_varii ---
......
--- Probans contentum_post_crescentiam ---
...........
--- Probans indentatio_limites ---
..
--- Probans chorda_continet ---
....
--- Probans chorda_incipit_et_terminatur ---
...
--- Probans comparationes_integrae ---
.....
--- Probans appendere_repetita ---
...........
--- Probans appendere_hex_i32 ---
.........

=== CREDO COMPENDIUM ===
Totalis:    432
Praeteriti: 432
Fracti:     0

Conditio: OMNIA PRAETERIERUNT
=========================

