
--- Probans fasti_dies ---
...
--- Probans fasti_hora ---
...
--- Probans fasti_est_bissextilis ---
.....
--- Probans fasti_dies_in_mense ---
.......
--- Probans fasti_dies_valida ---
......
--- Probans fasti_dies_hebdomadis ---
....
--- Probans conversio Iuliana ---
.........
--- Probans fasti_addere_dies ---
.........
--- Probans fasti_addere_menses ---
........
--- Probans fasti_addere_annos ---
......
--- Probans fasti_differentia ---
...
--- Probans comparatio ---
.........
--- Probans fasti_inter ---
....
--- Probans fasti_computus ---
...............
--- Probans fasti_nomen_mensis ---
....
--- Probans fasti_nomen_diei_hebdomadis ---
...
--- Probans fasti_formare_diem ---
....
--- Probans fasti_formare_horam ---
....
--- Probans fasti_parsare_iso ---
......
--- Probans fasti_dies_anni ---
...
--- Probans fasti_primus_dies_hebdomadis_mensis ---
..
--- Probans conversio Unix ---
.......
--- Probans fasti_dies_hodie ---
...
--- Probans fasti_suffixum_ordinale ---
........................
--- Probans FASTI_FORMA_ANGLICA_LONGA ---
....

=== CREDO COMPENDIUM ===
Totalis:    155
Praeteriti: 155
Fracti:     0

Conditio: OMNIA PRAETERIERUNT
=========================

