
--- Probans I: Mappa completudo ---
..................=== Mappa Arbor2 -> Lapifex ===
  AUTO (0) -> [NON MAPPATUM]
  BREAK (1) -> [NON MAPPATUM]
  CASE (2) -> [NON MAPPATUM]
  CHAR (3) -> [NON MAPPATUM]
  CONST (4) -> [NON MAPPATUM]
  CONTINUE (5) -> [NON MAPPATUM]
  DEFAULT (6) -> [NON MAPPATUM]
  DO (7) -> [NON MAPPATUM]
  DOUBLE (8) -> [NON MAPPATUM]
  ELSE (9) -> [NON MAPPATUM]
  ENUM (10) -> [NON MAPPATUM]
  EXTERN (11) -> [NON MAPPATUM]
  FLOAT (12) -> [NON MAPPATUM]
  FOR (13) -> [NON MAPPATUM]
  GOTO (14) -> [NON MAPPATUM]
  IF (15) -> [NON MAPPATUM]
  INT (16) -> [NON MAPPATUM]
  LONG (17) -> [NON MAPPATUM]
  REGISTER (18) -> [NON MAPPATUM]
  RETURN (19) -> [NON MAPPATUM]
  SHORT (20) -> [NON MAPPATUM]
  SIGNED (21) -> [NON MAPPATUM]
  SIZEOF (22) -> [NON MAPPATUM]
  STATIC (23) -> [NON MAPPATUM]
  STRUCT (24) -> [NON MAPPATUM]
  SWITCH (25) -> [NON MAPPATUM]
  TYPEDEF (26) -> [NON MAPPATUM]
  UNION (27) -> [NON MAPPATUM]
  UNSIGNED (28) -> [NON MAPPATUM]
  VOID (29) -> [NON MAPPATUM]
  VOLATILE (30) -> [NON MAPPATUM]
  WHILE (31) -> [NON MAPPATUM]
  IDENTIFICATOR (32) -> terminalis 0
  INTEGER (33) -> terminalis 3
  FLOAT_LIT (34) -> [NON MAPPATUM]
  CHAR_LIT (35) -> [NON MAPPATUM]
  STRING_LIT (36) -> [NON MAPPATUM]
  PLUS (37) -> terminalis 1
  MINUS (38) -> [NON MAPPATUM]
  ASTERISCUS (39) -> terminalis 2
  SOLIDUS (40) -> [NON MAPPATUM]
  PERCENTUM (41) -> [NON MAPPATUM]
  AMPERSAND (42) -> [NON MAPPATUM]
  PIPA (43) -> [NON MAPPATUM]
  CARET (44) -> [NON MAPPATUM]
  TILDE (45) -> [NON MAPPATUM]
  EXCLAMATIO (46) -> [NON MAPPATUM]
  DUAMPERSAND (47) -> [NON MAPPATUM]
  DUPIPA (48) -> [NON MAPPATUM]
  AEQUALIS (49) -> [NON MAPPATUM]
  NON_AEQUALIS (50) -> [NON MAPPATUM]
  MINOR (51) -> [NON MAPPATUM]
  MAIOR (52) -> [NON MAPPATUM]
  MINOR_AEQ (53) -> [NON MAPPATUM]
  MAIOR_AEQ (54) -> [NON MAPPATUM]
  SINISTRUM (55) -> [NON MAPPATUM]
  DEXTRUM (56) -> [NON MAPPATUM]
  ASSIGNATIO (57) -> [NON MAPPATUM]
  PLUS_ASSIGN (58) -> [NON MAPPATUM]
  MINUS_ASSIGN (59) -> [NON MAPPATUM]
  MULT_ASSIGN (60) -> [NON MAPPATUM]
  DIV_ASSIGN (61) -> [NON MAPPATUM]
  MOD_ASSIGN (62) -> [NON MAPPATUM]
  AND_ASSIGN (63) -> [NON MAPPATUM]
  OR_ASSIGN (64) -> [NON MAPPATUM]
  XOR_ASSIGN (65) -> [NON MAPPATUM]
  SHL_ASSIGN (66) -> [NON MAPPATUM]
  SHR_ASSIGN (67) -> [NON MAPPATUM]
  DUPLUS (68) -> [NON MAPPATUM]
  DUMINUS (69) -> [NON MAPPATUM]
  PUNCTUM (70) -> [NON MAPPATUM]
  SAGITTA (71) -> [NON MAPPATUM]
  COMMA (72) -> [NON MAPPATUM]
  COLON (73) -> [NON MAPPATUM]
  SEMICOLON (74) -> terminalis 4
  QUAESTIO (75) -> [NON MAPPATUM]
  PAREN_APERTA (76) -> [NON MAPPATUM]
  PAREN_CLAUSA (77) -> [NON MAPPATUM]
  BRACKET_APERTA (78) -> [NON MAPPATUM]
  BRACKET_CLAUSA (79) -> [NON MAPPATUM]
  BRACE_APERTA (80) -> [NON MAPPATUM]
  BRACE_CLAUSA (81) -> [NON MAPPATUM]
  HASH (82) -> [NON MAPPATUM]
  HASH_HASH (83) -> [NON MAPPATUM]
  ELLIPSIS (84) -> [NON MAPPATUM]
  EOF (91) -> terminalis 5
  NOMEN_TYPUS (94) -> [NON MAPPATUM]
================================

--- Probans II: Conversio basica ---
...........
--- Probans III: Valor preservatio ---
...............
--- Probans IV: Trivia filtratio ---
.......
--- Probans V: Vacuum input ---
......
--- Probans VI: est_trivia ---
..............

=== CREDO COMPENDIUM ===
Totalis:    71
Praeteriti: 71
Fracti:     0

Conditio: OMNIA PRAETERIERUNT
=========================

