
--- Probans via_normalizare (pinnae) ---
.....
--- Probans catenam resolutionis ---
..
--- Probans stml circuitum attributorum ---
...........
--- Probans characteres asperos ---
.......
--- Probans manifestum figuratum ---
...................
--- Probans configurationem ---
...........
--- Probans derivationem ---
...............................................
--- Probans cyclum inclusionum ---
........
--- Probans recusationes ---
.........
--- Probans scripta emissa ---
.............
--- Probans manifestum ---
.......................

=== CREDO COMPENDIUM ===
Totalis:    155
Praeteriti: 155
Fracti:     0

Conditio: OMNIA PRAETERIERUNT
=========================

